2026-06-04 00:09:57.129 | INFO     | app.main:41 - 服务启动中...
2026-06-04 00:09:57.130 | INFO     | app.services.rag_agent_service:35 - 初始化 Redis 会话记忆：redis://localhost:6379
2026-06-04 00:10:03.957 | INFO     | app.main:71 - GET / 200 7ms
2026-06-04 00:10:04.359 | INFO     | app.main:71 - GET /static/styles.css 200 1ms
2026-06-04 00:10:04.362 | INFO     | app.main:71 - GET /static/app.js 200 1ms
2026-06-04 00:10:07.543 | INFO     | app.main:71 - GET /api/session/session_trvbuzlr9_1780500632965/history 200 435ms
2026-06-04 00:10:09.525 | INFO     | app.main:71 - GET /api/session/session_tno6t3569_1780500680150/history 200 3ms
2026-06-04 00:10:16.313 | INFO     | app.main:71 - POST /api/chat/stream 200 10ms
2026-06-04 00:10:24.373 | INFO     | app.main:71 - POST /api/chat/stream 200 3ms
2026-06-04 00:11:32.998 | INFO     | app.main:71 - GET /api/session/session_my4jdwz9z_1780503011063/history 200 28ms
2026-06-04 00:45:49.981 | INFO     | app.main:41 - 服务启动中...
2026-06-04 00:45:49.982 | INFO     | app.services.rag_agent_service:35 - 初始化 Redis 会话记忆：redis://localhost:6379
2026-06-04 00:46:04.459 | INFO     | app.main:71 - POST /api/aiops/query 200 92ms
2026-06-04 00:46:05.476 | DEBUG    | app.services.rerank_service:36 - Rerank 完成：20 条 → top 3
2026-06-04 11:57:54.852 | INFO     | app.main:71 - GET / 200 19ms
2026-06-04 11:57:54.919 | INFO     | app.main:71 - GET /static/styles.css 200 2ms
2026-06-04 11:57:54.920 | INFO     | app.main:71 - GET /static/app.js 200 2ms
2026-06-04 11:57:59.056 | INFO     | app.main:71 - POST /api/chat/stream 200 42ms
2026-06-04 11:58:01.820 | WARNING  | app.tools.knowledge_tool:13 - 知识库检索失败，将返回降级提示：<MilvusException: (code=101, message=failed to search: collection not loaded[collection=466668330144022101])>
2026-06-04 11:58:03.970 | INFO     | app.main:71 - GET / 200 2ms
2026-06-04 11:58:03.994 | INFO     | app.main:71 - GET /static/styles.css 200 1ms
2026-06-04 11:58:03.994 | INFO     | app.main:71 - GET /static/app.js 200 1ms
2026-06-04 11:58:06.162 | INFO     | app.main:71 - GET /api/session/session_j0bv5h5qg_1780505164316/history 200 4ms
2026-06-04 11:58:08.468 | INFO     | app.main:71 - GET /api/session/session_my4jdwz9z_1780503011063/history 200 10ms
2026-06-04 11:58:09.311 | INFO     | app.main:71 - GET /api/session/session_j0bv5h5qg_1780505164316/history 200 3ms
2026-06-04 11:58:12.375 | INFO     | app.main:71 - GET /api/session/session_j0bv5h5qg_1780505164316/history 200 3ms
2026-06-04 12:03:52.781 | INFO     | app.main:41 - 服务启动中...
2026-06-04 12:03:52.782 | INFO     | app.services.rag_agent_service:35 - 初始化 Redis 会话记忆：redis://localhost:6379
2026-06-04 12:09:21.926 | INFO     | app.main:41 - 服务启动中...
2026-06-04 12:09:21.927 | INFO     | app.services.rag_agent_service:35 - 初始化 Redis 会话记忆：redis://localhost:6379
2026-06-04 12:09:42.875 | INFO     | app.main:41 - 服务启动中...
2026-06-04 12:09:42.876 | INFO     | app.services.rag_agent_service:35 - 初始化 Redis 会话记忆：redis://localhost:6379
2026-06-04 15:32:31.775 | INFO     | app.main:71 - POST /api/chat/stream 200 34ms
2026-06-04 15:51:16.389 | INFO     | app.main:41 - 服务启动中...
2026-06-04 15:51:16.389 | INFO     | app.services.rag_agent_service:36 - 初始化 Redis 会话记忆：redis://localhost:6379
2026-06-04 15:51:23.923 | INFO     | app.main:41 - 服务启动中...
2026-06-04 15:51:23.923 | INFO     | app.services.rag_agent_service:36 - 初始化 Redis 会话记忆：redis://localhost:6379
2026-06-04 15:51:38.847 | INFO     | app.main:41 - 服务启动中...
2026-06-04 15:51:38.848 | INFO     | app.services.rag_agent_service:36 - 初始化 Redis 会话记忆：redis://localhost:6379
2026-06-04 15:53:50.090 | INFO     | app.main:41 - 服务启动中...
2026-06-04 15:53:50.091 | INFO     | app.services.rag_agent_service:36 - 初始化 Redis 会话记忆：redis://localhost:6379
2026-06-04 15:55:10.091 | INFO     | app.main:41 - 服务启动中...
2026-06-04 15:55:10.091 | INFO     | app.services.rag_agent_service:36 - 初始化 Redis 会话记忆：redis://localhost:6379
2026-06-04 15:57:57.589 | INFO     | app.main:71 - GET / 200 12ms
2026-06-04 15:57:57.667 | INFO     | app.main:71 - GET /static/styles.css 200 9ms
2026-06-04 15:57:57.669 | INFO     | app.main:71 - GET /static/app.js 200 2ms
2026-06-04 15:58:00.608 | INFO     | app.main:71 - GET /api/session/session_j0bv5h5qg_1780505164316/history 200 566ms
2026-06-04 15:58:06.724 | INFO     | app.main:71 - POST /api/chat/stream 200 70ms
2026-06-04 15:58:11.329 | INFO     | app.main:71 - GET /api/session/session_tno6t3569_1780500680150/history 200 5ms
2026-06-04 15:58:15.745 | INFO     | app.main:71 - POST /api/aiops/query 200 47ms
2026-06-04 15:58:16.860 | DEBUG    | app.services.rerank_service:36 - Rerank 完成：20 条 → top 3
2026-06-04 15:58:32.627 | INFO     | app.main:71 - GET / 200 2ms
2026-06-04 15:58:32.679 | INFO     | app.main:71 - GET /static/styles.css 200 3ms
2026-06-04 15:58:32.681 | INFO     | app.main:71 - GET /static/app.js 200 4ms
2026-06-04 15:58:35.925 | INFO     | app.main:71 - GET /api/session/session_j0bv5h5qg_1780505164316/history 200 3ms
2026-06-04 15:58:36.852 | INFO     | app.main:71 - GET /api/session/session_l9ezgupsp_1780559883020/history 200 13ms
2026-06-04 15:58:38.041 | INFO     | app.main:71 - GET /api/session/session_j0bv5h5qg_1780505164316/history 200 2ms
2026-06-04 15:58:39.043 | INFO     | app.main:71 - GET /api/session/session_l9ezgupsp_1780559883020/history 200 5ms
2026-06-04 15:58:40.150 | INFO     | app.main:71 - GET / 200 1ms
2026-06-04 15:58:40.173 | INFO     | app.main:71 - GET /static/styles.css 200 1ms
2026-06-04 15:58:40.175 | INFO     | app.main:71 - GET /static/app.js 200 1ms
2026-06-04 15:58:43.377 | INFO     | app.main:71 - GET /api/session/session_ogpzhkb9d_1780480902803/history 200 2ms
2026-06-04 15:58:49.476 | INFO     | app.main:71 - POST /api/chat/stream 200 10ms
2026-06-04 15:58:52.777 | DEBUG    | app.services.rerank_service:36 - Rerank 完成：20 条 → top 3
2026-06-04 15:58:55.575 | INFO     | app.services.rag_agent_service:109 - RAG 流式回答已取消：session_id=session_mq599f25e_1780559927258
2026-06-04 15:59:01.692 | INFO     | app.main:71 - GET /api/session/session_j0bv5h5qg_1780505164316/history 200 4ms
2026-06-04 15:59:02.736 | INFO     | app.main:71 - GET /api/session/session_mq599f25e_1780559927258/history 200 13ms
2026-06-04 15:59:03.712 | INFO     | app.main:71 - GET /api/session/session_l9ezgupsp_1780559883020/history 200 4ms
2026-06-04 15:59:04.256 | INFO     | app.main:71 - GET /api/session/session_mq599f25e_1780559927258/history 200 4ms
2026-06-04 15:59:05.277 | INFO     | app.main:71 - GET / 200 1ms
2026-06-04 15:59:05.303 | INFO     | app.main:71 - GET /static/styles.css 200 2ms
2026-06-04 15:59:05.307 | INFO     | app.main:71 - GET /static/app.js 200 1ms
2026-06-04 15:59:07.035 | INFO     | app.main:71 - GET /api/session/session_mq599f25e_1780559927258/history 200 9ms
2026-06-04 15:59:48.664 | INFO     | app.main:41 - 服务启动中...
2026-06-04 15:59:48.665 | INFO     | app.services.rag_agent_service:36 - 初始化 Redis 会话记忆：redis://localhost:6379
2026-06-04 15:59:51.201 | INFO     | app.main:71 - GET / 200 5ms
2026-06-04 15:59:51.221 | INFO     | app.main:71 - GET /static/styles.css 200 1ms
2026-06-04 15:59:51.222 | INFO     | app.main:71 - GET /static/app.js 200 1ms
2026-06-04 15:59:53.632 | INFO     | app.main:71 - GET /api/session/session_mq599f25e_1780559927258/history 200 344ms
2026-06-04 16:04:03.377 | INFO     | app.main:41 - 服务启动中...
2026-06-04 16:04:03.378 | INFO     | app.services.rag_agent_service:36 - 初始化 Redis 会话记忆：redis://localhost:6379
2026-06-04 16:04:15.402 | INFO     | app.main:41 - 服务启动中...
2026-06-04 16:04:15.402 | INFO     | app.services.rag_agent_service:36 - 初始化 Redis 会话记忆：redis://localhost:6379
2026-06-04 16:05:33.492 | INFO     | app.main:41 - 服务启动中...
2026-06-04 16:05:33.492 | INFO     | app.services.rag_agent_service:36 - 初始化 Redis 会话记忆：redis://localhost:6379
2026-06-04 16:10:04.837 | INFO     | app.main:71 - GET / 200 9ms
2026-06-04 16:10:04.895 | INFO     | app.main:71 - GET /static/styles.css 200 6ms
2026-06-04 16:10:04.896 | INFO     | app.main:71 - GET /static/app.js 200 2ms
2026-06-04 16:10:07.787 | INFO     | app.main:71 - GET /api/session/session_mq599f25e_1780559927258/history 200 548ms
2026-06-04 16:10:07.970 | INFO     | app.main:71 - GET /api/session/session_mq599f25e_1780559927258/history 200 7ms
2026-06-04 16:10:10.838 | INFO     | app.main:71 - POST /api/aiops/query 200 119ms
2026-06-04 16:10:11.821 | DEBUG    | app.services.rerank_service:36 - Rerank 完成：20 条 → top 3
2026-06-04 16:10:18.574 | INFO     | app.main:71 - GET /api/session/session_i136spdbl_1780560610711/history 200 5ms
2026-06-04 16:10:22.771 | INFO     | app.main:71 - POST /api/aiops/query 200 3ms
2026-06-04 16:10:23.600 | DEBUG    | app.services.rerank_service:36 - Rerank 完成：20 条 → top 3
2026-06-04 16:10:40.636 | INFO     | app.main:71 - GET /api/session/session_3vshjlt0h_1780560622761/history 200 3ms
2026-06-04 16:10:43.034 | INFO     | app.main:71 - GET /api/session/session_3vshjlt0h_1780560622761/history 200 2ms
2026-06-04 16:10:52.914 | INFO     | app.main:71 - POST /api/aiops/query 200 7ms
2026-06-04 16:10:53.801 | DEBUG    | app.services.rerank_service:36 - Rerank 完成：20 条 → top 3
2026-06-04 16:10:55.912 | INFO     | app.main:71 - GET /api/session/session_l9ezgupsp_1780559883020/history 200 11ms
2026-06-04 16:10:57.550 | INFO     | app.main:71 - GET /api/session/session_ydo241iia_1780560652895/history 200 2ms
2026-06-04 16:10:58.599 | INFO     | app.main:71 - GET /api/session/session_3vshjlt0h_1780560622761/history 200 3ms
2026-06-04 16:10:59.367 | INFO     | app.main:71 - GET /api/session/session_ydo241iia_1780560652895/history 200 2ms
2026-06-04 16:11:01.419 | INFO     | app.main:71 - GET /api/session/session_ydo241iia_1780560652895/history 200 3ms
2026-06-04 16:11:02.756 | INFO     | app.main:71 - GET /api/session/session_mq599f25e_1780559927258/history 200 7ms
2026-06-04 16:11:03.740 | INFO     | app.main:71 - GET /api/session/session_ydo241iia_1780560652895/history 200 5ms
2026-06-04 16:11:06.135 | INFO     | app.main:71 - GET /api/session/session_ydo241iia_1780560652895/history 200 3ms
2026-06-04 16:11:12.911 | INFO     | app.main:71 - GET /api/session/session_3vshjlt0h_1780560622761/history 200 6ms
2026-06-04 16:11:13.547 | INFO     | app.main:71 - GET /api/session/session_ydo241iia_1780560652895/history 200 2ms
2026-06-04 16:11:30.831 | INFO     | app.main:71 - GET / 200 3ms
2026-06-04 16:11:30.867 | INFO     | app.main:71 - GET /static/styles.css 200 1ms
2026-06-04 16:11:30.878 | INFO     | app.main:71 - GET /static/app.js 200 4ms
2026-06-04 16:11:35.662 | INFO     | app.main:71 - GET /api/session/session_ydo241iia_1780560652895/history 200 10ms
2026-06-04 16:11:36.597 | INFO     | app.main:71 - GET /api/session/session_3vshjlt0h_1780560622761/history 200 1ms
2026-06-04 16:11:37.562 | INFO     | app.main:71 - GET /api/session/session_i136spdbl_1780560610711/history 200 2ms
2026-06-04 16:11:38.137 | INFO     | app.main:71 - GET /api/session/session_mq599f25e_1780559927258/history 200 9ms
2026-06-04 16:11:43.771 | INFO     | app.main:71 - POST /api/chat/stream 200 4ms
2026-06-04 16:11:46.749 | DEBUG    | app.services.rerank_service:36 - Rerank 完成：20 条 → top 3
2026-06-04 16:11:49.467 | INFO     | app.main:71 - GET /api/session/session_l9ezgupsp_1780559883020/history 200 8ms
2026-06-04 16:11:50.468 | INFO     | app.main:71 - GET /api/session/session_8irpe8k6x_1780560701928/history 200 7ms
2026-06-04 17:36:18.457 | INFO     | app.main:74 - GET / 200 32ms
2026-06-04 17:36:18.530 | INFO     | app.main:74 - GET /static/styles.css 200 11ms
2026-06-04 17:36:18.531 | INFO     | app.main:74 - GET /static/app.js 200 9ms
2026-06-04 17:36:24.136 | INFO     | app.main:74 - GET /api/session/session_ogpzhkb9d_1780480902803/history 200 643ms
2026-06-04 17:36:36.962 | INFO     | app.main:74 - POST /api/chat/stream 200 203ms
2026-06-04 17:36:40.399 | DEBUG    | app.services.rerank_service:36 - Rerank 完成：20 条 → top 3
2026-06-04 17:36:46.409 | INFO     | app.main:74 - GET /static/styles.css 200 5ms
2026-06-04 17:36:46.415 | INFO     | app.main:74 - GET /.well-known/appspecific/com.chrome.devtools.json 404 1ms
2026-06-04 17:36:50.734 | INFO     | app.main:74 - GET / 200 2ms
2026-06-04 17:36:50.781 | INFO     | app.main:74 - GET /static/styles.css 200 4ms
2026-06-04 17:36:50.782 | INFO     | app.main:74 - GET /static/app.js 200 2ms
2026-06-04 17:36:50.785 | INFO     | app.main:74 - GET /.well-known/appspecific/com.chrome.devtools.json 404 0ms
2026-06-04 17:36:51.423 | INFO     | app.main:74 - GET /api/chat/runs/run_yfn37jjtb_1780565796719/stream 200 4ms
2026-06-04 17:37:31.600 | INFO     | app.main:74 - POST /api/chat/stream 200 71ms
2026-06-04 17:37:37.722 | DEBUG    | app.services.rerank_service:36 - Rerank 完成：20 条 → top 3
2026-06-04 17:37:40.326 | INFO     | app.main:74 - GET / 200 5ms
2026-06-04 17:37:40.378 | INFO     | app.main:74 - GET /static/styles.css 200 4ms
2026-06-04 17:37:40.386 | INFO     | app.main:74 - GET /static/app.js 200 3ms
2026-06-04 17:37:40.393 | INFO     | app.main:74 - GET /.well-known/appspecific/com.chrome.devtools.json 404 1ms
2026-06-04 17:37:41.287 | INFO     | app.main:74 - GET /api/chat/runs/run_7r4s6jzt8_1780565851519/stream 200 9ms
2026-06-04 17:38:24.656 | INFO     | app.main:74 - POST /api/chat/stream 200 29ms
2026-06-04 17:38:27.336 | DEBUG    | app.services.rerank_service:36 - Rerank 完成：20 条 → top 3
2026-06-04 17:38:30.126 | INFO     | app.main:74 - GET / 200 3ms
2026-06-04 17:38:30.191 | INFO     | app.main:74 - GET /static/styles.css 200 3ms
2026-06-04 17:38:30.200 | INFO     | app.main:74 - GET /.well-known/appspecific/com.chrome.devtools.json 404 0ms
2026-06-04 17:38:30.201 | INFO     | app.main:74 - GET /static/app.js 200 2ms
2026-06-04 17:38:30.928 | INFO     | app.main:74 - GET /api/chat/runs/run_gryb1fabw_1780565904621/stream 200 11ms
2026-06-04 17:38:36.356 | INFO     | app.main:74 - GET / 200 5ms
2026-06-04 17:38:36.425 | INFO     | app.main:74 - GET /static/styles.css 200 1ms
2026-06-04 17:38:36.429 | INFO     | app.main:74 - GET /static/app.js 200 2ms
2026-06-04 17:38:36.433 | INFO     | app.main:74 - GET /.well-known/appspecific/com.chrome.devtools.json 404 1ms
2026-06-04 17:38:42.274 | INFO     | app.main:74 - GET / 200 1ms
2026-06-04 17:38:42.326 | INFO     | app.main:74 - GET /static/styles.css 200 1ms
2026-06-04 17:38:42.328 | INFO     | app.main:74 - GET /static/app.js 200 1ms
2026-06-04 17:38:42.344 | INFO     | app.main:74 - GET /.well-known/appspecific/com.chrome.devtools.json 404 0ms
2026-06-04 17:38:44.486 | INFO     | app.main:74 - GET /api/session/session_pwhc36itl_1780565828622/history 200 38ms
2026-06-04 17:38:49.188 | INFO     | app.main:74 - GET /api/session/session_mj2yakecy_1780565794715/history 200 11ms
2026-06-04 17:38:49.829 | INFO     | app.main:74 - GET /api/session/session_pwhc36itl_1780565828622/history 200 7ms
2026-06-04 17:39:03.104 | INFO     | app.main:74 - POST /api/chat/stream 200 81ms
2026-06-04 17:39:07.589 | DEBUG    | app.services.rerank_service:36 - Rerank 完成：20 条 → top 3
2026-06-04 17:39:10.796 | INFO     | app.main:74 - GET / 200 2ms
2026-06-04 17:39:10.881 | INFO     | app.main:74 - GET /static/styles.css 200 2ms
2026-06-04 17:39:10.889 | INFO     | app.main:74 - GET /static/app.js 200 1ms
2026-06-04 17:39:10.896 | INFO     | app.main:74 - GET /.well-known/appspecific/com.chrome.devtools.json 404 1ms
2026-06-04 17:39:11.517 | INFO     | app.main:74 - GET /api/chat/runs/run_sx36d650m_1780565943008/stream 200 1ms
2026-06-04 17:39:14.992 | INFO     | app.main:74 - GET / 200 1ms
2026-06-04 17:39:15.014 | INFO     | app.main:74 - GET /static/styles.css 200 1ms
2026-06-04 17:39:15.017 | INFO     | app.main:74 - GET /static/app.js 200 1ms
2026-06-04 17:39:15.019 | INFO     | app.main:74 - GET /.well-known/appspecific/com.chrome.devtools.json 404 0ms
2026-06-04 19:26:17.419 | INFO     | app.main:74 - GET / 200 22ms
2026-06-04 19:26:17.516 | INFO     | app.main:74 - GET /.well-known/appspecific/com.chrome.devtools.json 404 4ms
2026-06-04 19:26:17.520 | INFO     | app.main:74 - GET /static/styles.css 200 10ms
2026-06-04 19:26:17.522 | INFO     | app.main:74 - GET /static/app.js 200 3ms
2026-06-04 19:26:18.395 | INFO     | app.main:74 - GET /api/chat/runs/run_97a1k632n_1780571879550/snapshot 200 28ms
2026-06-04 19:26:26.204 | INFO     | app.main:74 - GET / 200 12ms
2026-06-04 19:26:26.267 | INFO     | app.main:74 - GET /.well-known/appspecific/com.chrome.devtools.json 404 1ms
2026-06-04 19:26:26.270 | INFO     | app.main:74 - GET /static/styles.css 200 5ms
2026-06-04 19:26:26.281 | INFO     | app.main:74 - GET /static/app.js 200 3ms
2026-06-04 19:26:26.936 | INFO     | app.main:74 - GET /api/chat/runs/run_97a1k632n_1780571879550/snapshot 200 9ms
2026-06-04 19:26:35.705 | INFO     | app.main:74 - POST /api/chat/stream 200 98ms
2026-06-04 19:26:39.168 | DEBUG    | app.services.rerank_service:36 - Rerank 完成：20 条 → top 3
2026-06-04 19:26:41.728 | INFO     | app.main:74 - GET / 200 4ms
2026-06-04 19:26:41.851 | INFO     | app.main:74 - GET /static/styles.css 200 4ms
2026-06-04 19:26:41.857 | INFO     | app.main:74 - GET /.well-known/appspecific/com.chrome.devtools.json 404 1ms
2026-06-04 19:26:41.861 | INFO     | app.main:74 - GET /static/app.js 200 5ms
2026-06-04 19:26:42.427 | INFO     | app.main:74 - GET /api/chat/runs/run_buwujp95i_1780572395599/snapshot 200 4ms
2026-06-04 19:26:42.606 | INFO     | app.main:74 - GET /api/chat/runs/run_buwujp95i_1780572395599/stream 200 1ms
2026-06-04 19:26:44.275 | INFO     | app.main:74 - GET / 200 2ms
2026-06-04 19:26:44.315 | INFO     | app.main:74 - GET /.well-known/appspecific/com.chrome.devtools.json 404 0ms
2026-06-04 19:26:44.316 | INFO     | app.main:74 - GET /static/styles.css 200 2ms
2026-06-04 19:26:44.318 | INFO     | app.main:74 - GET /static/app.js 200 1ms
2026-06-04 19:26:44.901 | INFO     | app.main:74 - GET /api/chat/runs/run_buwujp95i_1780572395599/snapshot 200 6ms
2026-06-04 19:26:45.097 | INFO     | app.main:74 - GET /api/chat/runs/run_buwujp95i_1780572395599/stream 200 1ms
2026-06-04 19:26:46.923 | INFO     | app.main:74 - GET / 200 1ms
2026-06-04 19:26:46.965 | INFO     | app.main:74 - GET /.well-known/appspecific/com.chrome.devtools.json 404 1ms
2026-06-04 19:26:46.966 | INFO     | app.main:74 - GET /static/styles.css 200 3ms
2026-06-04 19:26:46.967 | INFO     | app.main:74 - GET /static/app.js 200 1ms
2026-06-04 19:26:47.486 | INFO     | app.main:74 - GET /api/chat/runs/run_buwujp95i_1780572395599/snapshot 200 4ms
2026-06-04 19:26:47.668 | INFO     | app.main:74 - GET /api/chat/runs/run_buwujp95i_1780572395599/stream 200 1ms
2026-06-04 19:26:49.406 | INFO     | app.main:74 - GET / 200 1ms
2026-06-04 19:26:49.430 | INFO     | app.main:74 - GET /static/styles.css 200 1ms
2026-06-04 19:26:49.432 | INFO     | app.main:74 - GET /.well-known/appspecific/com.chrome.devtools.json 404 1ms
2026-06-04 19:26:49.433 | INFO     | app.main:74 - GET /static/app.js 200 3ms
2026-06-04 19:26:49.966 | INFO     | app.main:74 - GET /api/chat/runs/run_buwujp95i_1780572395599/snapshot 200 12ms
2026-06-04 19:26:50.171 | INFO     | app.main:74 - GET /api/chat/runs/run_buwujp95i_1780572395599/stream 200 1ms
2026-06-04 19:26:55.008 | INFO     | app.main:74 - GET /api/session/session_aittkpns6_1780572388924/history 200 19ms
2026-06-04 19:27:01.173 | INFO     | app.main:74 - GET /api/session/session_3zkzdvqnf_1780571872074/history 200 10ms
2026-06-04 19:27:01.997 | INFO     | app.main:74 - GET /api/session/session_aittkpns6_1780572388924/history 200 7ms
2026-06-04 19:28:42.185 | INFO     | app.main:74 - GET /api/session/session_aittkpns6_1780572388924/history 200 20ms
2026-06-04 19:28:42.780 | INFO     | app.main:74 - GET /api/session/session_3zkzdvqnf_1780571872074/history 200 9ms
2026-06-04 19:28:52.046 | INFO     | app.main:74 - GET /api/session/session_aittkpns6_1780572388924/history 200 49ms
2026-06-04 19:28:52.857 | INFO     | app.main:74 - GET /api/session/session_3zkzdvqnf_1780571872074/history 200 9ms
2026-06-04 20:54:57.552 | INFO     | app.main:74 - GET / 200 12ms
2026-06-04 20:54:57.725 | INFO     | app.main:74 - GET /static/styles.css 200 4ms
2026-06-04 20:54:57.751 | INFO     | app.main:74 - GET /.well-known/appspecific/com.chrome.devtools.json 404 6ms
2026-06-04 20:54:57.758 | INFO     | app.main:74 - GET /static/app.js 200 15ms
2026-06-04 20:54:58.491 | INFO     | app.main:74 - GET /api/session/session_djdn19am6_1780577379306/history 200 63ms
2026-06-04 20:55:06.402 | INFO     | app.main:74 - POST /api/chat/runs 200 61ms
2026-06-04 20:55:06.444 | INFO     | app.main:74 - GET /api/chat/runs/run_7np3czl3n_1780577706307/stream 200 31ms
2026-06-04 20:55:09.421 | WARNING  | app.tools.knowledge_tool:13 - 知识库检索失败，将返回降级提示：<MilvusException: (code=101, message=failed to search: collection not loaded[collection=466668330144022101])>
2026-06-04 20:55:40.630 | INFO     | app.main:74 - GET / 200 3ms
2026-06-04 20:55:40.677 | INFO     | app.main:74 - GET /static/styles.css 200 3ms
2026-06-04 20:55:40.681 | INFO     | app.main:74 - GET /.well-known/appspecific/com.chrome.devtools.json 404 2ms
2026-06-04 20:55:40.682 | INFO     | app.main:74 - GET /static/app.js 200 5ms
2026-06-04 20:55:44.250 | INFO     | app.main:74 - POST /api/chat/runs 200 28ms
2026-06-04 20:55:44.277 | INFO     | app.main:74 - GET /api/chat/runs/run_6j8yfn9eo_1780577744217/stream 200 14ms
2026-06-04 20:55:47.597 | WARNING  | app.tools.knowledge_tool:13 - 知识库检索失败，将返回降级提示：<MilvusException: (code=101, message=failed to search: collection not loaded[collection=466668330144022101])>
2026-06-04 20:55:49.574 | INFO     | app.main:74 - GET / 200 1ms
2026-06-04 20:55:49.611 | INFO     | app.main:74 - GET /static/styles.css 200 1ms
2026-06-04 20:55:49.611 | INFO     | app.main:74 - GET /static/app.js 200 1ms
2026-06-04 20:55:49.615 | INFO     | app.main:74 - GET /.well-known/appspecific/com.chrome.devtools.json 404 0ms
2026-06-04 20:55:50.197 | INFO     | app.main:74 - GET /api/chat/runs/run_6j8yfn9eo_1780577744217/stream 200 1ms
2026-06-04 20:55:54.892 | INFO     | app.main:74 - GET / 200 1ms
2026-06-04 20:55:54.925 | INFO     | app.main:74 - GET /static/styles.css 200 2ms
2026-06-04 20:55:54.926 | INFO     | app.main:74 - GET /static/app.js 200 2ms
2026-06-04 20:55:54.929 | INFO     | app.main:74 - GET /.well-known/appspecific/com.chrome.devtools.json 404 0ms
2026-06-04 20:55:55.454 | INFO     | app.main:74 - GET /api/chat/runs/run_6j8yfn9eo_1780577744217/stream 200 1ms
2026-06-04 20:55:57.851 | INFO     | app.main:74 - GET / 200 2ms
2026-06-04 20:55:57.883 | INFO     | app.main:74 - GET /static/styles.css 200 3ms
2026-06-04 20:55:57.888 | INFO     | app.main:74 - GET /static/app.js 200 2ms
2026-06-04 20:55:57.891 | INFO     | app.main:74 - GET /.well-known/appspecific/com.chrome.devtools.json 404 1ms
2026-06-04 20:55:59.096 | INFO     | app.main:74 - GET /api/chat/runs/run_6j8yfn9eo_1780577744217/stream 200 1ms
2026-06-04 21:02:34.734 | INFO     | app.main:42 - 服务启动中...
2026-06-04 21:02:34.735 | INFO     | app.services.rag_agent_service:36 - 初始化 Redis 会话记忆：redis://localhost:6379
2026-06-04 21:03:48.825 | INFO     | app.main:42 - 服务启动中...
2026-06-04 21:03:48.826 | INFO     | app.services.rag_agent_service:36 - 初始化 Redis 会话记忆：redis://localhost:6379
2026-06-04 21:04:22.621 | INFO     | app.main:42 - 服务启动中...
2026-06-04 21:04:22.622 | INFO     | app.services.rag_agent_service:36 - 初始化 Redis 会话记忆：redis://localhost:6379
2026-06-04 21:07:47.413 | INFO     | app.main:74 - GET / 200 32ms
2026-06-04 21:07:47.588 | INFO     | app.main:74 - GET /.well-known/appspecific/com.chrome.devtools.json 404 4ms
2026-06-04 21:07:47.597 | INFO     | app.main:74 - GET /static/styles.css 200 14ms
2026-06-04 21:07:47.598 | INFO     | app.main:74 - GET /static/app.js 200 9ms
2026-06-04 21:07:49.130 | INFO     | app.main:74 - GET /api/session/session_rxnki2ytu_1780577741643/history 200 588ms
2026-06-04 21:07:54.719 | INFO     | app.main:74 - POST /api/chat/runs 200 103ms
2026-06-04 21:07:54.741 | INFO     | app.main:74 - GET /api/chat/runs/run_pqyhfw3ez_1780578474597/stream 200 11ms
2026-06-04 21:07:57.802 | DEBUG    | app.services.rerank_service:36 - Rerank 完成：16 条 → top 3
2026-06-04 21:08:01.073 | INFO     | app.main:74 - GET / 200 3ms
2026-06-04 21:08:01.128 | INFO     | app.main:74 - GET /static/styles.css 200 1ms
2026-06-04 21:08:01.135 | INFO     | app.main:74 - GET /.well-known/appspecific/com.chrome.devtools.json 404 1ms
2026-06-04 21:08:01.136 | INFO     | app.main:74 - GET /static/app.js 200 2ms
2026-06-04 21:08:01.503 | INFO     | app.main:74 - GET /api/chat/runs/run_pqyhfw3ez_1780578474597/stream 200 1ms
2026-06-04 21:08:04.046 | INFO     | app.main:74 - GET / 200 1ms
2026-06-04 21:08:04.079 | INFO     | app.main:74 - GET /static/styles.css 200 1ms
2026-06-04 21:08:04.089 | INFO     | app.main:74 - GET /static/app.js 200 5ms
2026-06-04 21:08:04.105 | INFO     | app.main:74 - GET /.well-known/appspecific/com.chrome.devtools.json 404 0ms
2026-06-04 21:08:04.344 | INFO     | app.main:74 - GET /api/chat/runs/run_pqyhfw3ez_1780578474597/stream 200 1ms
2026-06-04 21:08:06.339 | INFO     | app.main:74 - GET / 200 1ms
2026-06-04 21:08:06.368 | INFO     | app.main:74 - GET /static/styles.css 200 3ms
2026-06-04 21:08:06.370 | INFO     | app.main:74 - GET /static/app.js 200 1ms
2026-06-04 21:08:06.374 | INFO     | app.main:74 - GET /.well-known/appspecific/com.chrome.devtools.json 404 2ms
2026-06-04 21:08:06.684 | INFO     | app.main:74 - GET /api/chat/runs/run_pqyhfw3ez_1780578474597/stream 200 3ms
2026-06-04 21:08:07.990 | INFO     | app.main:74 - GET / 200 5ms
2026-06-04 21:08:08.028 | INFO     | app.main:74 - GET /static/styles.css 200 1ms
2026-06-04 21:08:08.032 | INFO     | app.main:74 - GET /static/app.js 200 2ms
2026-06-04 21:08:08.037 | INFO     | app.main:74 - GET /.well-known/appspecific/com.chrome.devtools.json 404 0ms
2026-06-04 21:08:08.325 | INFO     | app.main:74 - GET /api/chat/runs/run_pqyhfw3ez_1780578474597/stream 200 1ms
2026-06-04 21:08:09.682 | INFO     | app.main:74 - GET / 200 1ms
2026-06-04 21:08:09.704 | INFO     | app.main:74 - GET /static/styles.css 200 1ms
2026-06-04 21:08:09.706 | INFO     | app.main:74 - GET /static/app.js 200 2ms
2026-06-04 21:08:09.714 | INFO     | app.main:74 - GET /.well-known/appspecific/com.chrome.devtools.json 404 0ms
2026-06-04 21:08:09.969 | INFO     | app.main:74 - GET /api/chat/runs/run_pqyhfw3ez_1780578474597/stream 200 1ms
