2026-06-05 00:04:11.562 | INFO     | app.main:74 - GET / 200 32ms
2026-06-05 00:04:11.743 | INFO     | app.main:74 - GET /static/styles.css 200 11ms
2026-06-05 00:04:11.746 | INFO     | app.main:74 - GET /static/app.js 200 12ms
2026-06-05 00:04:11.759 | INFO     | app.main:74 - GET /.well-known/appspecific/com.chrome.devtools.json 404 5ms
2026-06-05 00:04:12.677 | INFO     | app.main:74 - GET /api/session/session_antrjr4hg_1780587864712/history 200 50ms
2026-06-05 00:04:14.720 | INFO     | app.main:74 - GET /api/session/session_antrjr4hg_1780587864712/history 200 11ms
2026-06-05 00:04:15.663 | INFO     | app.main:74 - GET /api/session/session_97l1s81zo_1780579058611/history 200 8ms
2026-06-05 00:04:16.489 | INFO     | app.main:74 - GET /api/session/session_66y9cg65e_1780578472350/history 200 18ms
2026-06-05 00:04:19.542 | INFO     | app.main:74 - GET /api/session/session_ydo241iia_1780560652895/history 200 12ms
2026-06-05 00:04:21.522 | INFO     | app.main:74 - GET /api/session/session_antrjr4hg_1780587864712/history 200 15ms
2026-06-05 00:04:22.780 | INFO     | app.main:74 - GET /api/session/session_97l1s81zo_1780579058611/history 200 6ms
2026-06-05 00:04:23.623 | INFO     | app.main:74 - GET /api/session/session_antrjr4hg_1780587864712/history 200 52ms
2026-06-05 00:04:24.305 | INFO     | app.main:74 - GET /api/session/session_66y9cg65e_1780578472350/history 200 10ms
2026-06-05 00:04:26.947 | INFO     | app.main:74 - GET /api/session/session_antrjr4hg_1780587864712/history 200 8ms
2026-06-05 00:04:27.778 | INFO     | app.main:74 - GET /api/session/session_97l1s81zo_1780579058611/history 200 6ms
2026-06-05 00:27:55.027 | INFO     | app.main:42 - 服务启动中...
2026-06-05 00:27:55.028 | INFO     | app.services.rag_agent_service:36 - 初始化 Redis 会话记忆：redis://localhost:6379
2026-06-05 00:28:32.737 | INFO     | app.main:74 - GET / 200 9ms
2026-06-05 00:28:32.806 | INFO     | app.main:74 - GET /static/styles.css 200 2ms
2026-06-05 00:28:32.814 | INFO     | app.main:74 - GET /static/app.js 200 1ms
2026-06-05 00:28:32.822 | INFO     | app.main:74 - GET /.well-known/appspecific/com.chrome.devtools.json 404 3ms
2026-06-05 00:28:36.798 | INFO     | app.main:74 - GET /api/session/session_97l1s81zo_1780579058611/history 200 732ms
2026-06-05 00:28:37.739 | INFO     | app.main:74 - GET /api/session/session_antrjr4hg_1780587864712/history 200 14ms
2026-06-05 00:28:38.557 | INFO     | app.main:74 - GET /api/session/session_66y9cg65e_1780578472350/history 200 14ms
2026-06-05 00:28:39.196 | INFO     | app.main:74 - GET /api/session/session_djdn19am6_1780577379306/history 200 7ms
2026-06-05 00:29:45.151 | INFO     | app.main:74 - GET / 200 14ms
2026-06-05 00:29:45.219 | INFO     | app.main:74 - GET /static/styles.css 200 7ms
2026-06-05 00:29:45.220 | INFO     | app.main:74 - GET /.well-known/appspecific/com.chrome.devtools.json 404 2ms
2026-06-05 00:29:45.221 | INFO     | app.main:74 - GET /static/app.js 200 8ms
2026-06-05 00:30:13.284 | INFO     | app.main:74 - GET / 200 3ms
2026-06-05 00:30:13.361 | INFO     | app.main:74 - GET /static/styles.css 200 7ms
2026-06-05 00:30:13.363 | INFO     | app.main:74 - GET /static/app.js 200 4ms
2026-06-05 00:30:13.380 | INFO     | app.main:74 - GET /.well-known/appspecific/com.chrome.devtools.json 404 2ms
2026-06-05 00:30:34.904 | INFO     | app.main:74 - GET / 200 5ms
2026-06-05 00:30:34.980 | INFO     | app.main:74 - GET /static/styles.css 200 5ms
2026-06-05 00:30:34.981 | INFO     | app.main:74 - GET /static/app.js 200 4ms
2026-06-05 00:30:35.003 | INFO     | app.main:74 - GET /.well-known/appspecific/com.chrome.devtools.json 404 1ms
2026-06-05 00:36:08.806 | INFO     | app.main:42 - 服务启动中...
2026-06-05 00:36:08.808 | INFO     | app.services.rag_agent_service:36 - 初始化 Redis 会话记忆：redis://localhost:6379
2026-06-05 10:30:56.540 | INFO     | app.main:42 - 服务启动中...
2026-06-05 10:30:56.542 | INFO     | app.services.rag_agent_service:36 - 初始化 Redis 会话记忆：redis://localhost:6379
2026-06-05 17:46:37.464 | INFO     | app.main:74 - GET / 200 47ms
2026-06-05 17:46:37.695 | INFO     | app.main:74 - GET /.well-known/appspecific/com.chrome.devtools.json 404 18ms
2026-06-05 17:46:37.719 | INFO     | app.main:74 - GET /static/styles.css 200 82ms
2026-06-05 17:46:37.722 | INFO     | app.main:74 - GET /static/app.js 200 66ms
2026-06-05 17:48:59.749 | INFO     | app.main:74 - GET / 200 19ms
2026-06-05 17:48:59.911 | INFO     | app.main:74 - GET /static/styles.css 200 6ms
2026-06-05 17:48:59.913 | INFO     | app.main:74 - GET /static/app.js 200 4ms
2026-06-05 17:48:59.965 | INFO     | app.main:74 - GET /.well-known/appspecific/com.chrome.devtools.json 404 21ms
2026-06-05 17:50:14.831 | INFO     | app.main:42 - 服务启动中...
2026-06-05 17:50:14.832 | INFO     | app.services.rag_agent_service:36 - 初始化 Redis 会话记忆：redis://localhost:6379
