2026-06-03 14:26:29.622 | INFO     | app.main:39 - 服务启动中...
2026-06-03 14:27:00.552 | INFO     | __main__:1 - test
2026-06-03 14:40:18.917 | INFO     | app.main:39 - 服务启动中...
2026-06-03 14:45:24.209 | INFO     | app.main:40 - 服务启动中...
2026-06-03 14:45:30.080 | INFO     | app.main:40 - 服务启动中...
2026-06-03 14:45:38.354 | INFO     | app.main:40 - 服务启动中...
2026-06-03 14:45:44.595 | INFO     | app.main:40 - 服务启动中...
2026-06-03 14:49:25.127 | INFO     | app.main:66 - POST /api/chat 200 13994ms
2026-06-03 15:53:08.150 | INFO     | app.main:40 - 服务启动中...
2026-06-03 15:59:55.436 | INFO     | app.main:40 - 服务启动中...
2026-06-03 16:44:06.489 | INFO     | app.main:40 - 服务启动中...
2026-06-03 16:52:43.226 | INFO     | app.main:40 - 服务启动中...
2026-06-03 16:53:55.872 | INFO     | app.main:66 - GET / 200 14ms
2026-06-03 16:53:56.058 | INFO     | app.main:66 - GET /static/styles.css 200 4ms
2026-06-03 16:53:56.061 | INFO     | app.main:66 - GET /static/app.js 200 1ms
2026-06-03 16:53:56.069 | INFO     | app.main:66 - GET /.well-known/appspecific/com.chrome.devtools.json 404 2ms
2026-06-03 16:54:06.460 | INFO     | app.main:66 - POST /api/chat/stream 200 10ms
2026-06-03 16:56:58.304 | INFO     | app.main:40 - 服务启动中...
2026-06-03 17:00:04.889 | INFO     | app.main:66 - GET / 200 6ms
2026-06-03 17:00:04.968 | INFO     | app.main:66 - GET /static/styles.css 200 9ms
2026-06-03 17:00:04.972 | INFO     | app.main:66 - GET /static/app.js 200 5ms
2026-06-03 17:00:04.974 | INFO     | app.main:66 - GET /.well-known/appspecific/com.chrome.devtools.json 404 2ms
2026-06-03 17:00:07.808 | INFO     | app.main:66 - GET /api/chat/session/session_e765cll0v_1780410326680 404 1ms
2026-06-03 17:00:48.436 | INFO     | app.main:66 - POST /api/chat 200 32056ms
2026-06-03 17:01:04.026 | INFO     | app.main:66 - GET / 200 52ms
2026-06-03 17:01:04.093 | INFO     | app.main:66 - GET /.well-known/appspecific/com.chrome.devtools.json 404 3ms
2026-06-03 17:01:04.094 | INFO     | app.main:66 - GET /static/styles.css 200 13ms
2026-06-03 17:01:04.097 | INFO     | app.main:66 - GET /static/app.js 200 11ms
2026-06-03 17:01:24.802 | INFO     | app.main:66 - POST /api/chat/stream 200 803ms
2026-06-03 17:06:26.597 | INFO     | app.main:40 - 服务启动中...
2026-06-03 17:06:36.058 | INFO     | app.main:40 - 服务启动中...
2026-06-03 17:06:46.693 | INFO     | app.main:40 - 服务启动中...
2026-06-03 17:09:12.698 | INFO     | app.main:40 - 服务启动中...
2026-06-03 17:31:29.196 | INFO     | app.main:66 - GET /api/health 404 7ms
2026-06-03 17:31:34.540 | INFO     | app.main:66 - GET /health 200 11ms
2026-06-03 17:33:01.116 | INFO     | app.main:66 - GET /health 200 1ms
2026-06-03 17:33:05.314 | INFO     | app.main:66 - GET /health 200 0ms
2026-06-03 17:34:42.867 | INFO     | app.main:66 - POST /api/files/upload 200 1176ms
2026-06-03 17:34:56.186 | INFO     | app.main:66 - POST /api/files/upload 200 892ms
2026-06-03 17:34:56.759 | INFO     | app.main:66 - POST /api/files/upload 200 571ms
2026-06-03 17:36:04.978 | INFO     | app.main:40 - 服务启动中...
